\BOOKMARK [0][-]{chapter*.1}{\376\377\000A\000b\000s\000t\000r\000a\000c\000t}{}% 1
\BOOKMARK [0][-]{chapter.1}{\376\377\000T\000h\000e\000\040\000E\000p\000i\000s\000t\000e\000m\000o\000l\000o\000g\000i\000c\000a\000l\000\040\000C\000r\000i\000s\000i\000s\000\040\000i\000n\000\040\000M\000o\000d\000e\000r\000n\000\040\000S\000o\000f\000t\000w\000a\000r\000e\000\040\000V\000e\000r\000i\000f\000i\000c\000a\000t\000i\000o\000n}{}% 2
\BOOKMARK [1][-]{section.1.1}{\376\377\000T\000h\000e\000\040\000L\000i\000m\000i\000t\000s\000\040\000o\000f\000\040\000L\000o\000c\000a\000l\000\040\000S\000t\000a\000t\000e\000\040\000A\000s\000s\000e\000r\000t\000i\000o\000n}{chapter.1}% 3
\BOOKMARK [2][-]{subsection.1.1.1}{\376\377\0001\000.\000\040\000T\000h\000e\000\040\000S\000t\000a\000t\000e\000\040\000D\000i\000s\000s\000o\000l\000u\000t\000i\000o\000n\000\040\000P\000a\000t\000h\000o\000l\000o\000g\000y}{section.1.1}% 4
\BOOKMARK [2][-]{subsection.1.1.2}{\376\377\0002\000.\000\040\000T\000h\000e\000\040\000M\000o\000c\000k\000i\000n\000g\000\040\000P\000a\000t\000h\000o\000l\000o\000g\000y\000\040\000\050\000U\000n\000s\000o\000u\000n\000d\000\040\000L\000o\000c\000a\000l\000\040\000I\000s\000o\000l\000a\000t\000i\000o\000n\000\051}{section.1.1}% 5
\BOOKMARK [2][-]{subsection.1.1.3}{\376\377\0003\000.\000\040\000T\000h\000e\000\040\000S\000i\000n\000g\000l\000e\000-\000C\000a\000s\000e\000\040\000I\000D\000\040\000F\000l\000a\000t\000t\000e\000n\000i\000n\000g\000\040\000P\000a\000t\000h\000o\000l\000o\000g\000y}{section.1.1}% 6
\BOOKMARK [1][-]{section.1.2}{\376\377\000T\000h\000e\000\040\000P\000a\000r\000a\000d\000i\000g\000m\000\040\000S\000h\000i\000f\000t\000:\000\040\000F\000r\000o\000m\000\040\000L\000o\000c\000a\000l\000\040\000A\000s\000s\000e\000r\000t\000i\000o\000n\000s\000\040\000t\000o\000\040\000P\000r\000o\000c\000e\000s\000s\000\040\000C\000a\000l\000c\000u\000l\000u\000s}{chapter.1}% 7
\BOOKMARK [0][-]{chapter.2}{\376\377\000F\000o\000r\000m\000a\000l\000\040\000F\000o\000u\000n\000d\000a\000t\000i\000o\000n\000s\000:\000\040\000W\000o\000r\000k\000f\000l\000o\000w\000\040\000N\000e\000t\000s\000\040\000a\000n\000d\000\040\0001\000-\000S\000a\000f\000e\000\040\000S\000o\000u\000n\000d\000n\000e\000s\000s}{}% 8
\BOOKMARK [1][-]{section.2.1}{\376\377\000P\000e\000t\000r\000i\000\040\000N\000e\000t\000s\000\040\000a\000n\000d\000\040\000M\000a\000t\000r\000i\000x\000\040\000I\000n\000c\000i\000d\000e\000n\000c\000e\000\040\000C\000a\000l\000c\000u\000l\000u\000s}{chapter.2}% 9
\BOOKMARK [1][-]{section.2.2}{\376\377\000W\000o\000r\000k\000f\000l\000o\000w\000\040\000N\000e\000t\000s\000\040\000a\000n\000d\000\040\0001\000-\000S\000a\000f\000e\000\040\000S\000o\000u\000n\000d\000n\000e\000s\000s}{chapter.2}% 10
\BOOKMARK [0][-]{chapter.3}{\376\377\000O\000b\000j\000e\000c\000t\000-\000C\000e\000n\000t\000r\000i\000c\000\040\000P\000e\000t\000r\000i\000\040\000N\000e\000t\000s\000\040\000a\000n\000d\000\040\000I\000E\000E\000E\000\040\000O\000C\000E\000L\000\040\0002\000.\0000}{}% 11
\BOOKMARK [1][-]{section.3.1}{\376\377\000F\000o\000r\000m\000a\000l\000\040\000S\000p\000e\000c\000i\000f\000i\000c\000a\000t\000i\000o\000n\000\040\000o\000f\000\040\000O\000C\000P\000N\000s}{chapter.3}% 12
\BOOKMARK [1][-]{section.3.2}{\376\377\000M\000a\000t\000h\000e\000m\000a\000t\000i\000c\000a\000l\000\040\000P\000r\000o\000o\000f\000\040\000o\000f\000\040\000T\000o\000k\000e\000n\000\040\000C\000o\000n\000s\000e\000r\000v\000a\000t\000i\000o\000n}{chapter.3}% 13
\BOOKMARK [1][-]{section.3.3}{\376\377\000D\000e\000c\000i\000d\000a\000b\000i\000l\000i\000t\000y\000\040\000i\000n\000\040\000O\000b\000j\000e\000c\000t\000-\000B\000o\000u\000n\000d\000e\000d\000\040\000A\000c\000y\000c\000l\000i\000c\000\040\000I\000n\000t\000e\000r\000a\000c\000t\000i\000o\000n\000\040\000O\000C\000P\000N\000s}{chapter.3}% 14
\BOOKMARK [0][-]{chapter.4}{\376\377\000C\000a\000n\000o\000n\000i\000c\000a\000l\000\040\000P\000r\000o\000c\000e\000s\000s\000\040\000I\000n\000t\000e\000r\000m\000e\000d\000i\000a\000t\000e\000\040\000R\000e\000p\000r\000e\000s\000e\000n\000t\000a\000t\000i\000o\000n\000\040\000\050\000P\000r\000o\000c\000e\000s\000s\000I\000R\000\051\000\040\000a\000n\000d\000\040\000P\000O\000W\000L\000\040\0002\000.\0000}{}% 15
\BOOKMARK [1][-]{section.4.1}{\376\377\000P\000O\000W\000L\000\040\0002\000.\0000\000\040\000A\000l\000g\000e\000b\000r\000a\000\040\000a\000n\000d\000\040\000S\000y\000n\000t\000a\000x}{chapter.4}% 16
\BOOKMARK [1][-]{section.4.2}{\376\377\000B\000E\000A\000M\000\040\000B\000y\000t\000e\000c\000o\000d\000e\000\040\000I\000n\000t\000r\000o\000s\000p\000e\000c\000t\000i\000o\000n}{chapter.4}% 17
\BOOKMARK [0][-]{chapter.5}{\376\377\000O\000p\000t\000i\000m\000a\000l\000\040\000C\000o\000n\000f\000o\000r\000m\000a\000n\000c\000e\000\040\000C\000h\000e\000c\000k\000i\000n\000g\000\040\000a\000n\000d\000\040\000S\000y\000n\000c\000h\000r\000o\000n\000o\000u\000s\000\040\000P\000r\000o\000d\000u\000c\000t\000\040\000A\000l\000i\000g\000n\000m\000e\000n\000t\000s}{}% 18
\BOOKMARK [1][-]{section.5.1}{\376\377\000S\000y\000n\000c\000h\000r\000o\000n\000o\000u\000s\000\040\000P\000r\000o\000d\000u\000c\000t\000\040\000N\000e\000t\000\040\000C\000o\000n\000s\000t\000r\000u\000c\000t\000i\000o\000n}{chapter.5}% 19
\BOOKMARK [0][-]{chapter.6}{\376\377\000T\000h\000e\000\040\0005\000-\000D\000i\000m\000e\000n\000s\000i\000o\000n\000a\000l\000\040\000C\000o\000n\000f\000o\000r\000m\000a\000n\000c\000e\000\040\000C\000a\000l\000c\000u\000l\000u\000s}{}% 20
\BOOKMARK [1][-]{section.6.1}{\376\377\000F\000o\000r\000m\000u\000l\000a\000t\000i\000o\000n\000\040\000o\000f\000\040\000t\000h\000e\000\040\000C\000o\000n\000f\000o\000r\000m\000a\000n\000c\000e\000\040\000V\000e\000c\000t\000o\000r}{chapter.6}% 21
\BOOKMARK [2][-]{subsection.6.1.1}{\376\377\0001\000.\000\040\000F\000i\000t\000n\000e\000s\000s\000\040\000\050\000f\000\051}{section.6.1}% 22
\BOOKMARK [2][-]{subsection.6.1.2}{\376\377\0002\000.\000\040\000P\000r\000e\000c\000i\000s\000i\000o\000n\000\040\000\050\000p\000\051}{section.6.1}% 23
\BOOKMARK [2][-]{subsection.6.1.3}{\376\377\0003\000.\000\040\000P\000o\000l\000i\000c\000y\000\040\000C\000o\000n\000f\000o\000r\000m\000a\000n\000c\000e\000\040\000\050\000c\000p\000o\000l\000\051}{section.6.1}% 24
\BOOKMARK [0][-]{chapter.7}{\376\377\000T\000r\000a\000n\000s\000a\000c\000t\000i\000o\000n\000a\000l\000\040\000C\000o\000l\000o\000r\000e\000d\000\040\000P\000e\000t\000r\000i\000\040\000N\000e\000t\000s\000\040\000a\000n\000d\000\040\000A\000u\000t\000o\000n\000o\000m\000i\000c\000\040\000R\000e\000a\000c\000t\000o\000r\000\040\000S\000a\000g\000a\000s}{}% 25
\BOOKMARK [1][-]{section.7.1}{\376\377\000A\000s\000h\000.\000R\000e\000a\000c\000t\000o\000r\000\040\000a\000s\000\040\000a\000\040\000T\000r\000a\000n\000s\000a\000c\000t\000i\000o\000n\000a\000l\000\040\000C\000o\000l\000o\000r\000e\000d\000\040\000P\000e\000t\000r\000i\000\040\000N\000e\000t\000\040\000\050\000T\000C\000P\000N\000\051}{chapter.7}% 26
\BOOKMARK [0][-]{chapter.8}{\376\377\000U\000l\000t\000r\000a\000-\000H\000i\000g\000h\000-\000T\000h\000r\000o\000u\000g\000h\000p\000u\000t\000\040\000S\000t\000r\000e\000a\000m\000i\000n\000g\000\040\000E\000n\000g\000i\000n\000e\000\040\000A\000r\000c\000h\000i\000t\000e\000c\000t\000u\000r\000e}{}% 27
\BOOKMARK [1][-]{section.8.1}{\376\377\000L\000o\000c\000k\000-\000F\000r\000e\000e\000\040\000E\000T\000S\000\040\000C\000o\000n\000c\000u\000r\000r\000e\000n\000c\000y\000\040\000o\000n\000\040\000t\000h\000e\000\040\000B\000E\000A\000M}{chapter.8}% 28
\BOOKMARK [0][-]{chapter.9}{\376\377\000E\000m\000p\000i\000r\000i\000c\000a\000l\000\040\000V\000a\000l\000i\000d\000a\000t\000i\000o\000n\000:\000\040\000T\000h\000e\000\040\0006\0004\0007\000,\0002\0003\0008\000-\000E\000v\000e\000n\000t\000\040\000P\000r\000o\000d\000u\000c\000t\000i\000o\000n\000\040\000B\000e\000n\000c\000h\000m\000a\000r\000k}{}% 29
\BOOKMARK [1][-]{section.9.1}{\376\377\000F\000u\000l\000l\000-\000S\000c\000a\000l\000e\000\040\000D\000a\000t\000a\000s\000e\000t\000\040\000B\000e\000n\000c\000h\000m\000a\000r\000k\000\040\000R\000e\000s\000u\000l\000t\000s}{chapter.9}% 30
\BOOKMARK [1][-]{section.9.2}{\376\377\000T\000o\000p\000\040\000A\000c\000t\000i\000v\000i\000t\000y\000\040\000F\000r\000e\000q\000u\000e\000n\000c\000i\000e\000s\000\040\000D\000i\000s\000c\000o\000v\000e\000r\000e\000d}{chapter.9}% 31
\BOOKMARK [0][-]{chapter.10}{\376\377\000C\000o\000m\000p\000a\000r\000a\000t\000i\000v\000e\000\040\000A\000n\000a\000l\000y\000s\000i\000s\000\040\000a\000n\000d\000\040\000S\000t\000a\000t\000e\000\040\000o\000f\000\040\000t\000h\000e\000\040\000A\000r\000t}{}% 32
\BOOKMARK [1][-]{section.10.1}{\376\377\000R\000i\000g\000o\000r\000o\000u\000s\000\040\000T\000h\000e\000o\000r\000e\000t\000i\000c\000a\000l\000\040\000C\000o\000m\000p\000a\000r\000i\000s\000o\000n}{chapter.10}% 33
\BOOKMARK [0][-]{chapter.11}{\376\377\000C\000o\000n\000c\000l\000u\000s\000i\000o\000n\000\040\000a\000n\000d\000\040\000t\000h\000e\000\040\000P\000o\000s\000t\000-\000T\000e\000s\000t\000\040\000E\000r\000a}{}% 34
\BOOKMARK [1][-]{section.11.1}{\376\377\000S\000u\000m\000m\000a\000r\000y\000\040\000o\000f\000\040\000D\000o\000c\000t\000o\000r\000a\000l\000\040\000C\000o\000n\000t\000r\000i\000b\000u\000t\000i\000o\000n\000s}{chapter.11}% 35
\BOOKMARK [0][-]{chapter*.3}{\376\377\000B\000i\000b\000l\000i\000o\000g\000r\000a\000p\000h\000y}{}% 36
